<html>
<body>
<pre>
<h1>µVision Build Log</h1>
<h2>Tool Versions:</h2>
IDE-Version: µVision V5.39.0.0
Copyright (C) 2023 ARM Ltd and ARM Germany GmbH. All rights reserved.
License Information: Sanjay Yadav
Eastman
User-based license: Keil MDK Community (non-commercial free of charge)
Valid until: Jun 1 2033. Cached until: Sep 11 2024
 
Tool Versions:
Toolchain:       Keil MDK Community (non-commercial free of charge  Version: 5.39.0.0
Toolchain Path:  C:\Keil_v5\ARM\ARMCLANG\Bin
C Compiler:      ArmClang.exe V6.21
Assembler:       Armasm.exe V6.21
Linker/Locator:  ArmLink.exe V6.21
Library Manager: ArmAr.exe V6.21
Hex Converter:   FromElf.exe V6.21
CPU DLL:         SARMCM3.DLL V5.39.0.0
Dialog DLL:      DARMCM1.DLL V1.19.6.0
Target DLL:      Nu_Link.dll V3.16
Dialog DLL:      TARMCM1.DLL V1.14.6.0
 
<h2>Project:</h2>
N:\A_Nuvoton M031\Experiment_Practice_M031\(BSP1)EX_Practice\SampleCode\Level1_Training\Level1_GPIO_Ctrl - 25-07-24Copy\KEIL\Level1_GPIO_Ctrl.uvproj
Project File Date:  07/25/2024

<h2>Output:</h2>
*** Using Compiler 'V6.21', folder: 'C:\Keil_v5\ARM\ARMCLANG\Bin'
Rebuild target 'Level1_GPIO_Ctrl'
creating preprocessor file for system_M031Series.c...
creating list file for system_M031Series.c...
compiling system_M031Series.c...
assembling startup_M031Series.s...
creating preprocessor file for retarget.c...
creating list file for retarget.c...
compiling retarget.c...
creating preprocessor file for clk.c...
creating list file for clk.c...
compiling clk.c...
creating list file for gpio.c...
creating preprocessor file for gpio.c...
compiling gpio.c...
creating list file for sys.c...
creating preprocessor file for sys.c...
compiling sys.c...
creating preprocessor file for main.c...
creating list file for main.c...
compiling main.c...
linking...
Program Size: Code=2976 RO-data=256 RW-data=16 ZI-data=600  
After Build - User command #1: fromelf --bin ".\obj\Level1_GPIO_Ctrl.axf" --output ".\obj\Level1_GPIO_Ctrl.bin"
After Build - User command #2: fromelf --text -c ".\obj\Level1_GPIO_Ctrl.axf" --output ".\obj\Level1_GPIO_Ctrl.txt"
".\obj\Level1_GPIO_Ctrl.axf" - 0 Error(s), 0 Warning(s).
Build Time Elapsed:  00:00:05
</pre>
</body>
</html>
